[maffotchiochristia.wixsite.com/stg-sarl.html]
[static.parastorage.com/unpkg/core-js-bundle@3.2.1/minified.js]
[static.parastorage.com/unpkg/focus-within-polyfill@5.0.9/dist/focus-within-polyfill.js]
[polyfill.io/v3/polyfill.mind82c.js]
[browser.sentry-cdn.com/6.18.2/bundle.min.js]
[maffotchiochristia.wixsite.com/decodeURIComponent(e]
[backblue.gif]
[fade.gif]
[index.html]
[maffotchiochristia.wixsite.com/sitemap.xml]
[maffotchiochristia.wixsite.com/feed.xml]
[static.parastorage.com/services/wix-thunderbolt/dist/thunderbolt-commons.6797ba1d.bundle.min.js]
[static.parastorage.com/services/wix-thunderbolt/dist/main.7967a866.bundle.min.js]
[maffotchiochristia.wixsite.com/index.html]
[static.parastorage.com/services/wix-thunderbolt/dist/main.renderer.83873c29.bundle.min.js]
[static.parastorage.com/services/wix-thunderbolt/dist/main.scoped.renderer.e57580be.bundle.min.js]
[static.parastorage.com/unpkg/lodash@4.17.21/lodash.min.js]
[static.parastorage.com/unpkg/react@16.14.0/umd/react.production.min.js]
[static.parastorage.com/services/tag-manager-client/1.705.0/siteTags.bundle.min.js]
[static.parastorage.com/services/wix-perf-measure/1.1058.0/wix-perf-measure.umd.min.js]
[static.parastorage.com/unpkg/react-dom@16.14.0/umd/react-dom.production.min.js]
[maffotchiochristia.wixsite.com/stg-sarl/à-propos.html]
[maffotchiochristia.wixsite.com/stg-sarl/services.html]
[maffotchiochristia.wixsite.com/stg-sarl/contacts.html]
[static.wixstatic.com/media/030e92_1abb6cbb01f94d6f83ffd3f2341bb41e_mv2.jpg/v1/fill/w_64,h_64,al_c,q_80,usm_0.66_1.00_0.01,enc_auto/299426464_388335773253844_4400274689878380014_n.jpg]
[static.wixstatic.com/media/035244_e6828d11d0ef465a8c1b263e4c31d602_mv2.png/v1/fill/w_40,h_40,al_c,q_85,usm_0.66_1.00_0.01,blur_3,enc_auto/035244_e6828d11d0ef465a8c1b263e4c31d602_mv2.png]
[static.wixstatic.com/media/035244_6d553d072d074906921789d726bc57ca_mv2.png/v1/fill/w_40,h_40,al_c,q_85,usm_0.66_1.00_0.01,blur_3,enc_auto/035244_6d553d072d074906921789d726bc57ca_mv2.png]
[static.wixstatic.com/media/82c08d3efb804aa5a2af21ab98acde29.jpg/v1/fill/w_144,h_98,al_c,q_80,usm_0.66_1.00_0.01,blur_2,enc_auto/82c08d3efb804aa5a2af21ab98acde29.jpg]
[static.wixstatic.com/media/11062b_aa1552cb7ee1405e984ce6480d2375d6_mv2.jpg/v1/fill/w_110,h_73,al_c,q_80,usm_0.66_1.00_0.01,blur_2,enc_auto/11062b_aa1552cb7ee1405e984ce6480d2375d6_mv2.jpg]
[static.wixstatic.com/media/030e92_36fbe31ddbfb44c0abd2b1dcefbf578d_mv2.jpg/v1/fill/w_87,h_87,al_c,q_80,usm_0.66_1.00_0.01,blur_3,enc_auto/299426464_388335773253844_4400274689878380014_n.jpg]
[static.wixstatic.com/media/84770f_694c9802edfc4bbaa9dd024a14bb5c39.png/v1/fill/w_23,h_15,al_c,q_85,usm_0.66_1.00_0.01,blur_3,enc_auto/84770f_694c9802edfc4bbaa9dd024a14bb5c39.png]
[static.wixstatic.com/media/84770f_3009cf150c0a4e849e376a6edbb5c7e4.png/v1/fill/w_23,h_15,al_c,q_85,usm_0.66_1.00_0.01,blur_3,enc_auto/84770f_3009cf150c0a4e849e376a6edbb5c7e4.png]
[maffotchiochristia.wixsite.com/stg-sarl.html]
[maffotchiochristia.wixsite.com/decodeURIComponent(e.html]
[maffotchiochristia.wixsite.com/sitemap.html]
[maffotchiochristia.wixsite.com/feed.html]
[maffotchiochristia.wixsite.com/index.html]
[maffotchiochristia.wixsite.com/stg-sarl/decodeURIComponent(e.1c.delayed]
[maffotchiochristia.wixsite.com/stg-sarl/robots.1d.delayed]
[maffotchiochristia.wixsite.com/stg-sarl/sitemap.xml]
[maffotchiochristia.wixsite.com/stg-sarl/feed.xml]
[static.wixstatic.com/media/82c08d3efb804aa5a2af21ab98acde29.jpg/v1/fill/w_147,h_100,al_c,q_80,usm_0.66_1.00_0.01,blur_2,enc_auto/82c08d3efb804aa5a2af21ab98acde29.jpg]
[static.wixstatic.com/media/11062b_93d11cfcc0274fbf9508be974463425e_mv2.jpeg/v1/fill/w_97,h_65,al_c,q_80,usm_0.66_1.00_0.01,blur_2,enc_auto/11062b_93d11cfcc0274fbf9508be974463425e_mv2.jpg]
[maffotchiochristia.wixsite.com/stg-sarl/à-propos.html]
[static.wixstatic.com/media/11062b_fda6711f2e0e427c8f8d9a2e45ccbaf5_mv2.jpg/v1/fill/w_147,h_68,al_c,q_80,usm_0.66_1.00_0.01,blur_2,enc_auto/11062b_fda6711f2e0e427c8f8d9a2e45ccbaf5_mv2.jpg]
[static.wixstatic.com/media/11062b_8382e0430efb495d85472609b53759fd_mv2.jpg/v1/crop/x_583,y_0,w_1812,h_2232/fill/w_79,h_97,al_c,q_80,usm_0.66_1.00_0.01,blur_2,enc_auto/panneaux solaires.jpg]
[static.wixstatic.com/media/11062b_96e3089f5908483db9dcf2feb5d1d405_mv2.jpe/v1/crop/x_1686,y_0,w_3988,h_4912/fill/w_79,h_97,al_c,q_80,usm_0.66_1.00_0.01,blur_2,e/Réinitialisation de la boîte à fusibles]
[static.wixstatic.com/media/030e92_b3bdd5139ed04ddc8c52b2244854f865_mv2.jpg/v1/crop/x_164,y_0,w_284,h_350/fill/w_79,h_97,al_c,q_80,usm_0.66_1.00_0.01,blur_2,enc_auto/istockphoto-1266958681-612x612.jpg]
[static.wixstatic.com/media/11062b_8c817f9a90d045cab2b29771310bb3e3_mv2.jpeg/v1/crop/x_0,y_447,w_3333,h_4105/fill/w_79,h_97,al_c,q_80,usm_0.66_1.00_0.01,blur_2,enc_auto/Solaire et éolien.jpg]
[static.wixstatic.com/media/25237b_344993df7a6c438a8bd70baf678672ed_mv2.jpe/v1/crop/x_141,y_0,w_438,h_539/fill/w_79,h_97,al_c,q_80,usm_0.66_1.00_0.01,blur_2,e/WhatsApp Image 2022-09-26 at 21_56_46.26.d]
[static.wixstatic.com/media/23ba1d077e4810f4868dc78d2f434b53.jpg/v1/crop/x_1,y_0,w_541,h_667/fill/w_79,h_97,al_c,q_80,usm_0.66_1.00_0.01,blur_2,enc_auto/Les diplômés.jpg]
[static.wixstatic.com/media/11062b_990fded22c5d4312afbc3f5a978c9341_mv2.jpeg/v1/crop/x_917,y_0,w_2165,h_2667/fill/w_79,h_97,al_c,q_80,usm_0.66_1.00_0.01,blur_2,enc_auto/Filtration des eaux usées.jpg]
[static.wixstatic.com/media/030e92_00ee7e5c2552476687644aa05e6f5c6b_mv2.jpg/v1/crop/x_140,y_0,w_331,h_408/fill/w_79,h_97,al_c,q_80,usm_0.66_1.00_0.01,blur_2,enc_auto/istockphoto-940251778-612x612.jpg]
[maffotchiochristia.wixsite.com/stg-sarl/services.html]
[static.wixstatic.com/media/11062b_f602aeebc730496eaf3692754d7316d2_mv2.jpg/v1/fill/w_147,h_78,al_c,q_80,usm_0.66_1.00_0.01,blur_2,enc_auto/11062b_f602aeebc730496eaf3692754d7316d2_mv2.jpg]
[maffotchiochristia.wixsite.com/stg-sarl/contacts.html]
[maffotchiochristia.wixsite.com/stg-sarl/decodeURIComponent(e.html]
[maffotchiochristia.wixsite.com/stg-sarl/robots.html]
[maffotchiochristia.wixsite.com/stg-sarl/feed.html]
